// Jest Snapshot v1, https://goo.gl/fbAQLP

exports[`Text renders correctly with align 1`] = `
<span
  className="vibe-text-medium-normal text primary center singleLineEllipsis"
  data-testid="text"
>
  text
</span>
`;

exports[`Text renders correctly with color 1`] = `
<span
  className="vibe-text-medium-normal text secondary start singleLineEllipsis"
  data-testid="text"
>
  text
</span>
`;

exports[`Text renders correctly with element 1`] = `
<p
  className="vibe-text-medium-normal text primary start singleLineEllipsis"
  data-testid="text"
>
  text
</p>
`;

exports[`Text renders correctly with element as children 1`] = `
<span
  className="vibe-text-medium-normal text primary start singleLineEllipsis"
  data-testid="text"
>
  <div>
    text
  </div>
</span>
`;

exports[`Text renders correctly with empty props 1`] = `
<span
  className="vibe-text-medium-normal text primary start singleLineEllipsis"
  data-testid="text"
/>
`;

exports[`Text renders correctly with size 1`] = `
<span
  className="vibe-text-small-normal text primary start singleLineEllipsis"
  data-testid="text"
>
  text
</span>
`;

exports[`Text renders correctly with weight 1`] = `
<span
  className="vibe-text-medium-bold text primary start singleLineEllipsis"
  data-testid="text"
>
  text
</span>
`;
